// Vitest Snapshot v1

exports[`renders correctly using render prop 1`] = `
<div
  className="_slide_1aodf_1 diorama-slide "
  style={{}}
>
  <div
    className="diorama-content _content_1aodf_6"
  >
    <div>
      Show step 
      1
    </div>
  </div>
</div>
`;
